
> ai-sathi@0.0.0 build
> vite build

[36mvite v8.0.3 [32mbuilding client environment for production...[36m[39m
[2K
transforming...Γ£ô 1799 modules transformed.
rendering chunks...
node.exe : [31mΓ£ù[39m Build failed in 486ms
At line:1 char:1
+ & "C:\Program Files\nodejs/node.exe" "C:\Program Files\nodejs/node_mo ...
+ ~~~~~~~~~~~~~~~~~~~~~~~~~~~~~~~~~~~~~~~~~~~~~~~~~~~~~~~~~~~~~~~~~~~~~
    + CategoryInfo          : NotSpecified: ([31mΓ£ù[39m Build failed in 486ms:String) [], RemoteException
    + FullyQualifiedErrorId : NativeCommandError
 
[31merror during build:
[31mBuild failed with 1 error:

[31m[MISSING_EXPORT] Error:[0m "Chrome" is not exported by "node_modules/lucide-react/dist/esm/lucide-react.js".
   [38;5;246mΓò¡[0m[38;5;246mΓöÇ[0m[38;5;246m[[0m src/components/LoginModal.jsx:4:38 [38;5;246m][0m
   [38;5;246mΓöé[0m
 [38;5;246m4 Γöé[0m 
[38;5;249mi[0m[38;5;249mm[0m[38;5;249mp[0m[38;5;249mo[0m[38;5;249mr[0m[38;5;249mt[0m[38;5;249m 
[0m[38;5;249m{[0m[38;5;249m [0m[38;5;249mX[0m[38;5;249m,[0m[38;5;249m 
[0m[38;5;249mM[0m[38;5;249ma[0m[38;5;249mi[0m[38;5;249ml[0m[38;5;249m,[0m[38;5;249m 
[0m[38;5;249mP[0m[38;5;249mh[0m[38;5;249mo[0m[38;5;249mn[0m[38;5;249me[0m[38;5;249m,[0m[38;5;249m [0m[3
8;5;249mS[0m[38;5;249mm[0m[38;5;249ma[0m[38;5;249mr[0m[38;5;249mt[0m[38;5;249mp[0m[38;5;249mh[0m[38;5;249
mo[0m[38;5;249mn[0m[38;5;249me[0m[38;5;249m,[0m[38;5;249m [0mChrome[38;5;249m 
[0m[38;5;249m}[0m[38;5;249m [0m[38;5;249mf[0m[38;5;249mr[0m[38;5;249mo[0m[38;5;249mm[0m[38;5;249m [0m[3
8;5;249m"[0m[38;5;249ml[0m[38;5;249mu[0m[38;5;249mc[0m[38;5;249mi[0m[38;5;249md[0m[38;5;249me[0m[38;5;249
m-[0m[38;5;249mr[0m[38;5;249me[0m[38;5;249ma[0m[38;5;249mc[0m[38;5;249mt[0m[38;5;249m"[0m[38;5;249m;[0m
 [38;5;240m  Γöé[0m                                      ΓöÇΓöÇΓöÇΓö¼ΓöÇΓöÇ  
 [38;5;240m  Γöé[0m                                         Γò░ΓöÇΓöÇΓöÇΓöÇ Missing export
[38;5;246mΓöÇΓöÇΓöÇΓò»[0m
[31m
    at aggregateBindingErrorsIntoJsError 
(file:///C:/Users/USER/OneDrive/Documents/D/Ai%20Sathi/node_modules/rolldown/dist/shared/error-BLhcSyeg.mjs:48:18)
    at unwrapBindingResult 
(file:///C:/Users/USER/OneDrive/Documents/D/Ai%20Sathi/node_modules/rolldown/dist/shared/error-BLhcSyeg.mjs:18:128)
    at #build (file:///C:/Users/USER/OneDrive/Documents/D/Ai%20Sathi/node_modules/rolldown/dist/shared/rolldown-build-C
PrIX9V6.mjs:3313:34)
    at async buildEnvironment 
(file:///C:/Users/USER/OneDrive/Documents/D/Ai%20Sathi/node_modules/vite/dist/node/chunks/node.js:32849:64)
    at async Object.build 
(file:///C:/Users/USER/OneDrive/Documents/D/Ai%20Sathi/node_modules/vite/dist/node/chunks/node.js:33271:19)
    at async Object.buildApp 
(file:///C:/Users/USER/OneDrive/Documents/D/Ai%20Sathi/node_modules/vite/dist/node/chunks/node.js:33268:153)
    at async CAC.<anonymous> 
(file:///C:/Users/USER/OneDrive/Documents/D/Ai%20Sathi/node_modules/vite/dist/node/cli.js:778:3) {
  errors: [Getter/Setter]
}[39m
